SQL Server parse and compile time: 
   CPU time = 78 ms, elapsed time = 109 ms.

 SQL Server Execution Times:
   CPU time = 0 ms,  elapsed time = 0 ms.
Table 'InvoiceLines'. Scan count 2, logical reads 0, physical reads 0, page server reads 0, read-ahead reads 0, page server read-ahead reads 0, lob logical reads 341, lob physical reads 3, lob page server reads 0, lob read-ahead reads 777, lob page server read-ahead reads 0.
Table 'InvoiceLines'. Segment reads 1, segment skipped 0.
Table 'Invoices'. Scan count 1, logical reads 156, physical reads 1, page server reads 0, read-ahead reads 238, page server read-ahead reads 0, lob logical reads 0, lob physical reads 0, lob page server reads 0, lob read-ahead reads 0, lob page server read-ahead reads 0.
Table 'Worktable'. Scan count 0, logical reads 0, physical reads 0, page server reads 0, read-ahead reads 0, page server read-ahead reads 0, lob logical reads 0, lob physical reads 0, lob page server reads 0, lob read-ahead reads 0, lob page server read-ahead reads 0.
Table 'Customers'. Scan count 1, logical reads 40, physical reads 1, page server reads 0, read-ahead reads 31, page server read-ahead reads 0, lob logical reads 0, lob physical reads 0, lob page server reads 0, lob read-ahead reads 0, lob page server read-ahead reads 0.

 SQL Server Execution Times:
   CPU time = 547 ms,  elapsed time = 584 ms.

(228265 rows affected)
SQL Server parse and compile time: 
   CPU time = 556 ms, elapsed time = 556 ms.

(1326 rows affected)
Table 'Worktable'. Scan count 228265, logical reads 2181289, physical reads 0, page server reads 0, read-ahead reads 14, page server read-ahead reads 0, lob logical reads 0, lob physical reads 0, lob page server reads 0, lob read-ahead reads 0, lob page server read-ahead reads 0.
Table '#Sales______________________________________________________________________________________________________________000000000023'. Scan count 14, logical reads 4726, physical reads 0, page server reads 0, read-ahead reads 0, page server read-ahead reads 0, lob logical reads 0, lob physical reads 0, lob page server reads 0, lob read-ahead reads 0, lob page server read-ahead reads 0.

 SQL Server Execution Times:
   CPU time = 144171 ms,  elapsed time = 17321 ms.

 SQL Server Execution Times:
   CPU time = 0 ms,  elapsed time = 3 ms.


